This is pdfTeX, Version 3.141592653-2.6-1.40.28 (TeX Live 2025) (preloaded format=pdflatex 2025.11.26)  20 JAN 2026 11:24
entering extended mode
 restricted \write18 enabled.
 file:line:error style messages enabled.
 %&-line parsing enabled.
**main.tex
(./main.tex
LaTeX2e <2025-11-01>
L3 programming layer <2025-11-14>
(/usr/local/texlive/2025/texmf-dist/tex/latex/base/report.cls
Document Class: report 2025/01/22 v1.4n Standard LaTeX document class
(/usr/local/texlive/2025/texmf-dist/tex/latex/base/size10.clo
File: size10.clo 2025/01/22 v1.4n Standard LaTeX file (size option)
)
\c@part=\count275
\c@chapter=\count276
\c@section=\count277
\c@subsection=\count278
\c@subsubsection=\count279
\c@paragraph=\count280
\c@subparagraph=\count281
\c@figure=\count282
\c@table=\count283
\abovecaptionskip=\skip49
\belowcaptionskip=\skip50
\bibindent=\dimen148
) (/usr/local/texlive/2025/texmf-dist/tex/latex/geometry/geometry.sty
Package: geometry 2020/01/02 v5.9 Page Geometry
 (/usr/local/texlive/2025/texmf-dist/tex/latex/graphics/keyval.sty
Package: keyval 2022/05/29 v1.15 key=value parser (DPC)
\KV@toks@=\toks17
) (/usr/local/texlive/2025/texmf-dist/tex/generic/iftex/ifvtex.sty
Package: ifvtex 2019/10/25 v1.7 ifvtex legacy package. Use iftex instead.
 (/usr/local/texlive/2025/texmf-dist/tex/generic/iftex/iftex.sty
Package: iftex 2024/12/12 v1.0g TeX engine tests
))
\Gm@cnth=\count284
\Gm@cntv=\count285
\c@Gm@tempcnt=\count286
\Gm@bindingoffset=\dimen149
\Gm@wd@mp=\dimen150
\Gm@odd@mp=\dimen151
\Gm@even@mp=\dimen152
\Gm@layoutwidth=\dimen153
\Gm@layoutheight=\dimen154
\Gm@layouthoffset=\dimen155
\Gm@layoutvoffset=\dimen156
\Gm@dimlist=\toks18
) (/usr/local/texlive/2025/texmf-dist/tex/latex/koma-script/scrextend.sty
Package: scrextend 2025/09/09 v3.48 KOMA-Script package (extend other classes with features of KOMA-Script classes)
 (/usr/local/texlive/2025/texmf-dist/tex/latex/koma-script/scrkbase.sty
Package: scrkbase 2025/09/09 v3.48 KOMA-Script package (KOMA-Script-dependent basics and keyval usage)
 (/usr/local/texlive/2025/texmf-dist/tex/latex/koma-script/scrbase.sty
Package: scrbase 2025/09/09 v3.48 KOMA-Script package (KOMA-Script-independent basics and keyval usage)
 (/usr/local/texlive/2025/texmf-dist/tex/latex/koma-script/scrlfile.sty
Package: scrlfile 2025/09/09 v3.48 KOMA-Script package (file load hooks)
 (/usr/local/texlive/2025/texmf-dist/tex/latex/koma-script/scrlfile-hook.sty
Package: scrlfile-hook 2025/09/09 v3.48 KOMA-Script package (using LaTeX hooks)
 (/usr/local/texlive/2025/texmf-dist/tex/latex/koma-script/scrlogo.sty
Package: scrlogo 2025/09/09 v3.48 KOMA-Script package (logo)
)))
Applying: [2021/05/01] Usage of raw or classic option list on input line 254.
Already applied: [0000/00/00] Usage of raw or classic option list on input line 370.
)))

LaTeX Font Warning: Font shape `OT1/cmr/m/n' in size <13> not available
(Font)              size <12> substituted on input line 9.

(/usr/local/texlive/2025/texmf-dist/tex/generic/babel/babel.sty
Package: babel 2025/11/23 v25.16 The multilingual framework for LuaLaTeX, pdfLaTeX and XeLaTeX
\babel@savecnt=\count287
LaTeX Encoding Info:    Redeclaring text command \ij (encoding OT1) on input line 2050.
LaTeX Encoding Info:    Redeclaring text command \IJ (encoding OT1) on input line 2052.
LaTeX Encoding Info:    Redeclaring text command \ij (encoding T1) on input line 2054.
LaTeX Encoding Info:    Redeclaring text command \IJ (encoding T1) on input line 2055.
LaTeX Encoding Info:    Ignoring declaration for text command \ij (encoding ?) on input line 2056.
LaTeX Encoding Info:    Ignoring declaration for text command \IJ (encoding ?) on input line 2058.
LaTeX Encoding Info:    Ignoring declaration for text command \SS (encoding ?) on input line 2083.
\U@D=\dimen157
\l@unhyphenated=\language90
 (/usr/local/texlive/2025/texmf-dist/tex/generic/babel/txtbabel.def)
\bbl@readstream=\read2
\bbl@dirlevel=\count288
 (/usr/local/texlive/2025/texmf-dist/tex/generic/babel/locale/en/babel-english.tex) (/usr/local/texlive/2025/texmf-dist/tex/generic/babel/locale/it/babel-italian.tex)
Package babel Info: Importing font and identification data for english
(babel)             from babel-en.ini. Reported on input line 4298.
 (/usr/local/texlive/2025/texmf-dist/tex/generic/babel-english/english.ldf
Language: english 2017/06/06 v3.3r English support from the babel system
Package babel Info: Hyphen rules for 'canadian' set to \l@english
(babel)             (\language0). Reported on input line 102.
Package babel Info: Hyphen rules for 'australian' set to \l@ukenglish
(babel)             (\language22). Reported on input line 105.
Package babel Info: Hyphen rules for 'newzealand' set to \l@ukenglish
(babel)             (\language22). Reported on input line 108.
)
Package babel Info: Importing font and identification data for italian
(babel)             from babel-it.ini. Reported on input line 4298.
 (/usr/local/texlive/2025/texmf-dist/tex/generic/babel-italian/italian.ldf
Language: italian 2024/10/10 v.1.5.01 Italian support for the babel system
\it@lettering=\count289
\it@doublequoteactive=\count290
\it@ISOcompliance=\count291
)) (/usr/local/texlive/2025/texmf-dist/tex/latex/etoolbox/etoolbox.sty
Package: etoolbox 2025/10/02 v2.5m e-TeX tools for LaTeX (JAW)
\etb@tempcnta=\count292
) (/usr/local/texlive/2025/texmf-dist/tex/latex/babelbib/babelbib.sty
Package: babelbib 2021/01/06 v1.34 babelbib: multilingual bibliographies
\c@btxromaniannumeral=\count293
) (/usr/local/texlive/2025/texmf-dist/tex/latex/base/inputenc.sty
Package: inputenc 2024/02/08 v1.3d Input encoding file
\inpenc@prehook=\toks19
\inpenc@posthook=\toks20
) (/usr/local/texlive/2025/texmf-dist/tex/latex/base/fontenc.sty
Package: fontenc 2025/07/18 v2.1d Standard LaTeX package


LaTeX Font Warning: Font shape `T1/cmr/m/n' in size <13> not available
(Font)              size <12> substituted on input line 116.

) (/usr/local/texlive/2025/texmf-dist/tex/latex/lipsum/lipsum.sty (/usr/local/texlive/2025/texmf-dist/tex/latex/l3packages/l3keys2e/l3keys2e.sty (/usr/local/texlive/2025/texmf-dist/tex/latex/l3kernel/expl3.sty
Package: expl3 2025-11-14 L3 programming layer (loader) 
 (/usr/local/texlive/2025/texmf-dist/tex/latex/l3backend/l3backend-pdftex.def
File: l3backend-pdftex.def 2025-10-09 L3 backend support: PDF output (pdfTeX)
\l__color_backend_stack_int=\count294
))
Package: l3keys2e 2025-10-09 LaTeX2e option processing using LaTeX3 keys
)
Package: lipsum 2021-09-20 v2.7 150 paragraphs of Lorem Ipsum dummy text
\g__lipsum_par_int=\count295
\l__lipsum_a_int=\count296
\l__lipsum_b_int=\count297
 (/usr/local/texlive/2025/texmf-dist/tex/latex/lipsum/lipsum.ltd.tex)) (/usr/local/texlive/2025/texmf-dist/tex/latex/graphics/rotating.sty
Package: rotating 2025/01/14 v2.16e rotated objects in LaTeX
 (/usr/local/texlive/2025/texmf-dist/tex/latex/graphics/graphicx.sty
Package: graphicx 2024/12/31 v1.2e Enhanced LaTeX Graphics (DPC,SPQR)
 (/usr/local/texlive/2025/texmf-dist/tex/latex/graphics/graphics.sty
Package: graphics 2024/08/06 v1.4g Standard LaTeX Graphics (DPC,SPQR)
 (/usr/local/texlive/2025/texmf-dist/tex/latex/graphics/trig.sty
Package: trig 2023/12/02 v1.11 sin cos tan (DPC)
) (/usr/local/texlive/2025/texmf-dist/tex/latex/graphics-cfg/graphics.cfg
File: graphics.cfg 2016/06/04 v1.11 sample graphics configuration
)
Package graphics Info: Driver file: pdftex.def on input line 106.
 (/usr/local/texlive/2025/texmf-dist/tex/latex/graphics-def/pdftex.def
File: pdftex.def 2025/09/29 v1.2d Graphics/color driver for pdftex
))
\Gin@req@height=\dimen158
\Gin@req@width=\dimen159
) (/usr/local/texlive/2025/texmf-dist/tex/latex/base/ifthen.sty
Package: ifthen 2024/03/16 v1.1e Standard LaTeX ifthen package (DPC)
)
\c@r@tfl@t=\count298
\rotFPtop=\skip51
\rotFPbot=\skip52
\rot@float@box=\box53
\rot@mess@toks=\toks21
) (/usr/local/texlive/2025/texmf-dist/tex/latex/fancyhdr/fancyhdr.sty
Package: fancyhdr 2025/02/07 v5.2 Extensive control of page headers and footers
\f@nch@headwidth=\skip53
\f@nch@offset@elh=\skip54
\f@nch@offset@erh=\skip55
\f@nch@offset@olh=\skip56
\f@nch@offset@orh=\skip57
\f@nch@offset@elf=\skip58
\f@nch@offset@erf=\skip59
\f@nch@offset@olf=\skip60
\f@nch@offset@orf=\skip61
\f@nch@height=\skip62
\f@nch@footalignment=\skip63
\f@nch@widthL=\skip64
\f@nch@widthC=\skip65
\f@nch@widthR=\skip66
\@temptokenb=\toks22
) (/usr/local/texlive/2025/texmf-dist/tex/latex/amsfonts/amssymb.sty
Package: amssymb 2013/01/14 v3.01 AMS font symbols
 (/usr/local/texlive/2025/texmf-dist/tex/latex/amsfonts/amsfonts.sty
Package: amsfonts 2013/01/14 v3.01 Basic AMSFonts support
\@emptytoks=\toks23
\symAMSa=\mathgroup4
\symAMSb=\mathgroup5
LaTeX Font Info:    Redeclaring math symbol \hbar on input line 98.
LaTeX Font Info:    Overwriting math alphabet `\mathfrak' in version `bold'
(Font)                  U/euf/m/n --> U/euf/b/n on input line 106.
)) (/usr/local/texlive/2025/texmf-dist/tex/latex/amsmath/amsmath.sty
Package: amsmath 2025/07/09 v2.17z AMS math features
\@mathmargin=\skip67

For additional information on amsmath, use the `?' option.
(/usr/local/texlive/2025/texmf-dist/tex/latex/amsmath/amstext.sty
Package: amstext 2024/11/17 v2.01 AMS text
 (/usr/local/texlive/2025/texmf-dist/tex/latex/amsmath/amsgen.sty
File: amsgen.sty 1999/11/30 v2.0 generic functions
\@emptytoks=\toks24
\ex@=\dimen160
)) (/usr/local/texlive/2025/texmf-dist/tex/latex/amsmath/amsbsy.sty
Package: amsbsy 1999/11/29 v1.2d Bold Symbols
\pmbraise@=\dimen161
) (/usr/local/texlive/2025/texmf-dist/tex/latex/amsmath/amsopn.sty
Package: amsopn 2022/04/08 v2.04 operator names
)
\inf@bad=\count299
LaTeX Info: Redefining \frac on input line 233.
\uproot@=\count300
\leftroot@=\count301
LaTeX Info: Redefining \overline on input line 398.
LaTeX Info: Redefining \colon on input line 409.
\classnum@=\count302
\DOTSCASE@=\count303
LaTeX Info: Redefining \ldots on input line 495.
LaTeX Info: Redefining \dots on input line 498.
LaTeX Info: Redefining \cdots on input line 619.
\Mathstrutbox@=\box54
\strutbox@=\box55
LaTeX Info: Redefining \big on input line 721.
LaTeX Info: Redefining \Big on input line 722.
LaTeX Info: Redefining \bigg on input line 723.
LaTeX Info: Redefining \Bigg on input line 724.
\big@size=\dimen162
LaTeX Font Info:    Redeclaring font encoding OML on input line 742.
LaTeX Font Info:    Redeclaring font encoding OMS on input line 743.
\macc@depth=\count304
LaTeX Info: Redefining \bmod on input line 904.
LaTeX Info: Redefining \pmod on input line 909.
LaTeX Info: Redefining \smash on input line 939.
LaTeX Info: Redefining \relbar on input line 969.
LaTeX Info: Redefining \Relbar on input line 970.
\c@MaxMatrixCols=\count305
\dotsspace@=\muskip17
\c@parentequation=\count306
\dspbrk@lvl=\count307
\tag@help=\toks25
\row@=\count308
\column@=\count309
\maxfields@=\count310
\andhelp@=\toks26
\eqnshift@=\dimen163
\alignsep@=\dimen164
\tagshift@=\dimen165
\tagwidth@=\dimen166
\totwidth@=\dimen167
\lineht@=\dimen168
\@envbody=\toks27
\multlinegap=\skip68
\multlinetaggap=\skip69
\mathdisplay@stack=\toks28
LaTeX Info: Redefining \[ on input line 2950.
LaTeX Info: Redefining \] on input line 2951.
) (/usr/local/texlive/2025/texmf-dist/tex/latex/amscls/amsthm.sty
Package: amsthm 2020/05/29 v2.20.6
\thm@style=\toks29
\thm@bodyfont=\toks30
\thm@headfont=\toks31
\thm@notefont=\toks32
\thm@headpunct=\toks33
\thm@preskip=\skip70
\thm@postskip=\skip71
\thm@headsep=\skip72
\dth@everypar=\toks34
) (/usr/local/texlive/2025/texmf-dist/tex/latex/tools/multicol.sty
Package: multicol 2025/10/21 v2.0b multicolumn formatting (FMi)
\c@tracingmulticols=\count311
\mult@box=\box56
\multicol@leftmargin=\dimen169
\c@unbalance=\count312
\c@collectmore=\count313
\doublecol@number=\count314
\multicoltolerance=\count315
\multicolpretolerance=\count316
\full@width=\dimen170
\page@free=\dimen171
\premulticols=\dimen172
\postmulticols=\dimen173
\multicolsep=\skip73
\multicolbaselineskip=\skip74
\partial@page=\box57
\last@line=\box58
\mc@boxedresult=\box59
\maxbalancingoverflow=\dimen174
\mult@rightbox=\box60
\mult@grightbox=\box61
\mult@firstbox=\box62
\mult@gfirstbox=\box63
\@tempa=\box64
\@tempa=\box65
\@tempa=\box66
\@tempa=\box67
\@tempa=\box68
\@tempa=\box69
\@tempa=\box70
\@tempa=\box71
\@tempa=\box72
\@tempa=\box73
\@tempa=\box74
\@tempa=\box75
\@tempa=\box76
\@tempa=\box77
\@tempa=\box78
\@tempa=\box79
\@tempa=\box80
\@tempa=\box81
\@tempa=\box82
\@tempa=\box83
\@tempa=\box84
\@tempa=\box85
\@tempa=\box86
\@tempa=\box87
\@tempa=\box88
\@tempa=\box89
\@tempa=\box90
\@tempa=\box91
\@tempa=\box92
\@tempa=\box93
\@tempa=\box94
\@tempa=\box95
\@tempa=\box96
\@tempa=\box97
\@tempa=\box98
\@tempa=\box99
\c@minrows=\count317
\c@columnbadness=\count318
\c@finalcolumnbadness=\count319
\last@try=\dimen175
\multicolovershoot=\dimen176
\multicolundershoot=\dimen177
\mult@nat@firstbox=\box100
\colbreak@box=\box101
\mc@col@check@num=\count320
\g__mc_curr_col_int=\count321
) (/usr/local/texlive/2025/texmf-dist/tex/latex/xcolor/xcolor.sty
Package: xcolor 2024/09/29 v3.02 LaTeX color extensions (UK)
 (/usr/local/texlive/2025/texmf-dist/tex/latex/graphics-cfg/color.cfg
File: color.cfg 2016/01/02 v1.6 sample color configuration
)
Package xcolor Info: Driver file: pdftex.def on input line 274.
 (/usr/local/texlive/2025/texmf-dist/tex/latex/graphics/mathcolor.ltx)
Package xcolor Info: Model `cmy' substituted by `cmy0' on input line 1349.
Package xcolor Info: Model `hsb' substituted by `rgb' on input line 1353.
Package xcolor Info: Model `RGB' extended on input line 1365.
Package xcolor Info: Model `HTML' substituted by `rgb' on input line 1367.
Package xcolor Info: Model `Hsb' substituted by `hsb' on input line 1368.
Package xcolor Info: Model `tHsb' substituted by `hsb' on input line 1369.
Package xcolor Info: Model `HSB' substituted by `hsb' on input line 1370.
Package xcolor Info: Model `Gray' substituted by `gray' on input line 1371.
Package xcolor Info: Model `wave' substituted by `hsb' on input line 1372.
) (/usr/local/texlive/2025/texmf-dist/tex/latex/graphics/dvipsnam.def
File: dvipsnam.def 2016/06/17 v3.0m Driver-dependent file (DPC,SPQR)
) (/usr/local/texlive/2025/texmf-dist/tex/latex/listings/listings.sty
\lst@mode=\count322
\lst@gtempboxa=\box102
\lst@token=\toks35
\lst@length=\count323
\lst@currlwidth=\dimen178
\lst@column=\count324
\lst@pos=\count325
\lst@lostspace=\dimen179
\lst@width=\dimen180
\lst@newlines=\count326
\lst@lineno=\count327
\lst@maxwidth=\dimen181
 (/usr/local/texlive/2025/texmf-dist/tex/latex/listings/lstpatch.sty
File: lstpatch.sty 2025/11/14 1.11b (Carsten Heinz)
) (/usr/local/texlive/2025/texmf-dist/tex/latex/listings/lstmisc.sty
File: lstmisc.sty 2025/11/14 1.11b (Carsten Heinz)
\c@lstnumber=\count328
\lst@skipnumbers=\count329
\lst@framebox=\box103
) (/usr/local/texlive/2025/texmf-dist/tex/latex/listings/listings.cfg
File: listings.cfg 2025/11/14 1.11b listings configuration
))
Package: listings 2025/11/14 1.11b (Carsten Heinz)

==> First Aid for listings.sty no longer applied!
    Expected:
        2024/09/23 1.10c (Carsten Heinz)
    but found:
        2025/11/14 1.11b (Carsten Heinz)
    so I'm assuming it got fixed.
(/usr/local/texlive/2025/texmf-dist/tex/latex/hyperref/hyperref.sty
Package: hyperref 2025-07-12 v7.01o Hypertext links for LaTeX
 (/usr/local/texlive/2025/texmf-dist/tex/latex/kvsetkeys/kvsetkeys.sty
Package: kvsetkeys 2022-10-05 v1.19 Key value parser (HO)
) (/usr/local/texlive/2025/texmf-dist/tex/generic/kvdefinekeys/kvdefinekeys.sty
Package: kvdefinekeys 2019-12-19 v1.6 Define keys (HO)
) (/usr/local/texlive/2025/texmf-dist/tex/generic/pdfescape/pdfescape.sty
Package: pdfescape 2019/12/09 v1.15 Implements pdfTeX's escape features (HO)
 (/usr/local/texlive/2025/texmf-dist/tex/generic/ltxcmds/ltxcmds.sty
Package: ltxcmds 2023-12-04 v1.26 LaTeX kernel commands for general use (HO)
) (/usr/local/texlive/2025/texmf-dist/tex/generic/pdftexcmds/pdftexcmds.sty
Package: pdftexcmds 2020-06-27 v0.33 Utility functions of pdfTeX for LuaTeX (HO)
 (/usr/local/texlive/2025/texmf-dist/tex/generic/infwarerr/infwarerr.sty
Package: infwarerr 2019/12/03 v1.5 Providing info/warning/error messages (HO)
)
Package pdftexcmds Info: \pdf@primitive is available.
Package pdftexcmds Info: \pdf@ifprimitive is available.
Package pdftexcmds Info: \pdfdraftmode found.
)) (/usr/local/texlive/2025/texmf-dist/tex/latex/hycolor/hycolor.sty
Package: hycolor 2020-01-27 v1.10 Color options for hyperref/bookmark (HO)
) (/usr/local/texlive/2025/texmf-dist/tex/latex/hyperref/nameref.sty
Package: nameref 2025-06-21 v2.57 Cross-referencing by name of section
 (/usr/local/texlive/2025/texmf-dist/tex/latex/refcount/refcount.sty
Package: refcount 2019/12/15 v3.6 Data extraction from label references (HO)
) (/usr/local/texlive/2025/texmf-dist/tex/generic/gettitlestring/gettitlestring.sty
Package: gettitlestring 2019/12/15 v1.6 Cleanup title references (HO)
 (/usr/local/texlive/2025/texmf-dist/tex/latex/kvoptions/kvoptions.sty
Package: kvoptions 2022-06-15 v3.15 Key value format for package options (HO)
))
\c@section@level=\count330
) (/usr/local/texlive/2025/texmf-dist/tex/generic/stringenc/stringenc.sty
Package: stringenc 2019/11/29 v1.12 Convert strings between diff. encodings (HO)
)
\@linkdim=\dimen182
\Hy@linkcounter=\count331
\Hy@pagecounter=\count332
 (/usr/local/texlive/2025/texmf-dist/tex/latex/hyperref/pd1enc.def
File: pd1enc.def 2025-07-12 v7.01o Hyperref: PDFDocEncoding definition (HO)
Now handling font encoding PD1 ...
... no UTF-8 mapping file for font encoding PD1
) (/usr/local/texlive/2025/texmf-dist/tex/generic/intcalc/intcalc.sty
Package: intcalc 2019/12/15 v1.3 Expandable calculations with integers (HO)
)
\Hy@SavedSpaceFactor=\count333
 (/usr/local/texlive/2025/texmf-dist/tex/latex/hyperref/puenc.def
File: puenc.def 2025-07-12 v7.01o Hyperref: PDF Unicode definition (HO)
Now handling font encoding PU ...
... no UTF-8 mapping file for font encoding PU
)
Package hyperref Info: Hyper figures OFF on input line 4195.
Package hyperref Info: Link nesting OFF on input line 4200.
Package hyperref Info: Hyper index ON on input line 4203.
Package hyperref Info: Plain pages OFF on input line 4210.
Package hyperref Info: Backreferencing OFF on input line 4215.
Package hyperref Info: Implicit mode ON; LaTeX internals redefined.
Package hyperref Info: Bookmarks ON on input line 4462.
\c@Hy@tempcnt=\count334
 (/usr/local/texlive/2025/texmf-dist/tex/latex/url/url.sty
\Urlmuskip=\muskip18
Package: url 2013/09/16  ver 3.4  Verb mode for urls, etc.
)
LaTeX Info: Redefining \url on input line 4801.
\XeTeXLinkMargin=\dimen183
 (/usr/local/texlive/2025/texmf-dist/tex/generic/bitset/bitset.sty
Package: bitset 2019/12/09 v1.3 Handle bit-vector datatype (HO)
 (/usr/local/texlive/2025/texmf-dist/tex/generic/bigintcalc/bigintcalc.sty
Package: bigintcalc 2019/12/15 v1.5 Expandable calculations on big integers (HO)
))
\Fld@menulength=\count335
\Field@Width=\dimen184
\Fld@charsize=\dimen185
Package hyperref Info: Hyper figures OFF on input line 6078.
Package hyperref Info: Link nesting OFF on input line 6083.
Package hyperref Info: Hyper index ON on input line 6086.
Package hyperref Info: backreferencing OFF on input line 6093.
Package hyperref Info: Link coloring OFF on input line 6098.
Package hyperref Info: Link coloring with OCG OFF on input line 6103.
Package hyperref Info: PDF/A mode OFF on input line 6108.
\Hy@abspage=\count336
\c@Item=\count337
\c@Hfootnote=\count338
)
Package hyperref Info: Driver (autodetected): hpdftex.
 (/usr/local/texlive/2025/texmf-dist/tex/latex/hyperref/hpdftex.def
File: hpdftex.def 2025-07-12 v7.01o Hyperref driver for pdfTeX
\Fld@listcount=\count339
\c@bookmark@seq@number=\count340
 (/usr/local/texlive/2025/texmf-dist/tex/latex/rerunfilecheck/rerunfilecheck.sty
Package: rerunfilecheck 2025-06-21 v1.11 Rerun checks for auxiliary files (HO)
 (/usr/local/texlive/2025/texmf-dist/tex/generic/uniquecounter/uniquecounter.sty
Package: uniquecounter 2019/12/15 v1.4 Provide unlimited unique counter (HO)
)
Package uniquecounter Info: New unique counter `rerunfilecheck' on input line 284.
)
\Hy@SectionHShift=\skip75
) (/usr/local/texlive/2025/texmf-dist/tex/generic/ulem/ulem.sty
\UL@box=\box104
\UL@hyphenbox=\box105
\UL@skip=\skip76
\UL@hook=\toks36
\UL@height=\dimen186
\UL@pe=\count341
\UL@pixel=\dimen187
\ULC@box=\box106
Package: ulem 2019/11/18
\ULdepth=\dimen188
)
Package hyperref Info: Option `colorlinks' set `true' on input line 171.
\c@definition=\count342
\c@theorem=\count343
 (./main.aux (./chapters/Frontespizio.aux) (./chapters/Abstract.aux) (./chapters/Capitolo1.aux) (./chapters/Capitolo2.aux

LaTeX Warning: Label `Specifiche-U50' multiply defined.

) (./chapters/Capitolo3.aux

LaTeX Warning: Label `funzionamentoOpenCL' multiply defined.


LaTeX Warning: Label `funzionamentoOpenCL' multiply defined.

) (./chapters/Capitolo4.aux) (./chapters/Capitolo5.aux

LaTeX Warning: Label `typeB' multiply defined.


LaTeX Warning: Label `4curisultati' multiply defined.


LaTeX Warning: Label `utilizzo4cu' multiply defined.


LaTeX Warning: Label `utilizzo4cu' multiply defined.

) (./chapters/Capitolo6.aux) (./chapters/ringraziamenti.aux))
\openout1 = `main.aux'.

LaTeX Font Info:    Checking defaults for OML/cmm/m/it on input line 189.
LaTeX Font Info:    ... okay on input line 189.
LaTeX Font Info:    Checking defaults for OMS/cmsy/m/n on input line 189.
LaTeX Font Info:    ... okay on input line 189.
LaTeX Font Info:    Checking defaults for OT1/cmr/m/n on input line 189.
LaTeX Font Info:    ... okay on input line 189.
LaTeX Font Info:    Checking defaults for T1/cmr/m/n on input line 189.
LaTeX Font Info:    ... okay on input line 189.
LaTeX Font Info:    Checking defaults for TS1/cmr/m/n on input line 189.
LaTeX Font Info:    ... okay on input line 189.
LaTeX Font Info:    Checking defaults for OMX/cmex/m/n on input line 189.
LaTeX Font Info:    ... okay on input line 189.
LaTeX Font Info:    Checking defaults for U/cmr/m/n on input line 189.
LaTeX Font Info:    ... okay on input line 189.
LaTeX Font Info:    Checking defaults for PD1/pdf/m/n on input line 189.
LaTeX Font Info:    ... okay on input line 189.
LaTeX Font Info:    Checking defaults for PU/pdf/m/n on input line 189.
LaTeX Font Info:    ... okay on input line 189.

*geometry* driver: auto-detecting
*geometry* detected driver: pdftex
*geometry* verbose mode - [ preamble ] result:
* driver: pdftex
* paper: a4paper
* layout: <same size as paper>
* layoutoffset:(h,v)=(0.0pt,0.0pt)
* modes: twoside 
* h-part:(L,W,R)=(85.35826pt, 426.79135pt, 85.35826pt)
* v-part:(T,H,B)=(85.35826pt, 674.33032pt, 85.35826pt)
* \paperwidth=597.50787pt
* \paperheight=845.04684pt
* \textwidth=426.79135pt
* \textheight=674.33032pt
* \oddsidemargin=13.08827pt
* \evensidemargin=13.08827pt
* \topmargin=-23.91173pt
* \headheight=12.5pt
* \headsep=25.0pt
* \topskip=10.0pt
* \footskip=30.0pt
* \marginparwidth=111.0pt
* \marginparsep=11.0pt
* \columnsep=10.0pt
* \skip\footins=11.69997pt plus 5.19942pt minus 2.60054pt
* \hoffset=0.0pt
* \voffset=0.0pt
* \mag=1000
* \@twocolumnfalse
* \@twosidetrue
* \@mparswitchtrue
* \@reversemarginfalse
* (1in=72.27pt=25.4mm, 1cm=28.453pt)

LaTeX Info: Redefining \it@ocap on input line 189.
LaTeX Info: Redefining \it@ccap on input line 189.
babelbib: Set bibliography fall-back language to italian
babelbib: english.bdf loaded because language english defined.
(/usr/local/texlive/2025/texmf-dist/tex/latex/babelbib/english.bdf
File: english.bdf 2021/01/06 v1.34 babelbib: multilingual bibliographies

babelbib extension \btxifchangecaseon added to \extrasenglish
)
babelbib: italian.bdf loaded because language italian defined.
(/usr/local/texlive/2025/texmf-dist/tex/latex/babelbib/italian.bdf
File: italian.bdf 2021/01/06 v1.34 babelbib: multilingual bibliographies

babelbib extension \btxifchangecaseoff added to \extrasitalian
)
babelbib: Load BibTeX extensions \bibsitalian for italian
babelbib: Set language for keywords in the bibliography fixed to italian
(/usr/local/texlive/2025/texmf-dist/tex/context/base/mkii/supp-pdf.mkii
[Loading MPS to PDF converter (version 2006.09.02).]
\scratchcounter=\count344
\scratchdimen=\dimen189
\scratchbox=\box107
\nofMPsegments=\count345
\nofMParguments=\count346
\everyMPshowfont=\toks37
\MPscratchCnt=\count347
\MPscratchDim=\dimen190
\MPnumerator=\count348
\makeMPintoPDFobject=\count349
\everyMPtoPDFconversion=\toks38
) (/usr/local/texlive/2025/texmf-dist/tex/latex/epstopdf-pkg/epstopdf-base.sty
Package: epstopdf-base 2020-01-24 v2.11 Base part for package epstopdf
 (/usr/local/texlive/2025/texmf-dist/tex/latex/grfext/grfext.sty
Package: grfext 2019/12/03 v1.3 Manage graphics extensions (HO)
)
Package epstopdf-base Info: Redefining graphics rule for `.eps' on input line 485.
Package grfext Info: Graphics extension search list:
(grfext)             [.pdf,.png,.jpg,.mps,.jpeg,.jbig2,.jb2,.PDF,.PNG,.JPG,.JPEG,.JBIG2,.JB2,.eps]
(grfext)             \AppendGraphicsExtensions on input line 504.
 (/usr/local/texlive/2025/texmf-dist/tex/latex/latexconfig/epstopdf-sys.cfg
File: epstopdf-sys.cfg 2010/07/13 v1.3 Configuration of (r)epstopdf for TeX Live
))
\c@lstlisting=\count350
Package hyperref Info: Link coloring ON on input line 189.
 (./main.out) (./main.out)
\@outlinefile=\write3
\openout3 = `main.out'.

\openout2 = `chapters/Frontespizio.aux'.

 (./chapters/Frontespizio.tex
Package epstopdf Info: Source file: <images/Frontespizio/cherubinFrontespizio.eps>
(epstopdf)                    date: 2026-01-20 10:23:08
(epstopdf)                    size: 259277 bytes
(epstopdf)             Output file: <images/Frontespizio/cherubinFrontespizio-eps-converted-to.pdf>
(epstopdf)                    date: 2026-01-20 11:23:59
(epstopdf)                    size: 40108 bytes
(epstopdf)             Command: <repstopdf --outfile=images/Frontespizio/cherubinFrontespizio-eps-converted-to.pdf images/Frontespizio/cherubinFrontespizio.eps>
(epstopdf)             \includegraphics on input line 4.
Package epstopdf Info: Output file is already uptodate.
<images/Frontespizio/cherubinFrontespizio-eps-converted-to.pdf, id=108, 288.07625pt x 294.09875pt>
File: images/Frontespizio/cherubinFrontespizio-eps-converted-to.pdf Graphic file (type pdf)
<use images/Frontespizio/cherubinFrontespizio-eps-converted-to.pdf>
Package pdftex.def Info: images/Frontespizio/cherubinFrontespizio-eps-converted-to.pdf  used on input line 4.
(pdftex.def)             Requested size: 144.03777pt x 147.04901pt.


LaTeX Font Warning: Font shape `T1/cmr/m/n' in size <22.46396> not available
(Font)              size <20.74> substituted on input line 8.


LaTeX Font Warning: Font shape `T1/cmr/m/n' in size <15.59996> not available
(Font)              size <14.4> substituted on input line 10.


LaTeX Font Warning: Font shape `T1/cmr/bx/n' in size <22.46396> not available
(Font)              size <20.74> substituted on input line 17.


LaTeX Font Warning: Font shape `T1/cmr/bx/n' in size <13> not available
(Font)              size <12> substituted on input line 24.


LaTeX Font Warning: Font shape `T1/cmr/bx/n' in size <15.59996> not available
(Font)              size <14.4> substituted on input line 24.

[1


{/usr/local/texlive/2025/texmf-var/fonts/map/pdftex/updmap/pdftex.map}{/usr/local/texlive/2025/texmf-dist/fonts/enc/dvips/cm-super/cm-super-t1.enc} <./images/Frontespizio/cherubinFrontespizio-eps-converted-to.pdf>])
\openout2 = `chapters/Abstract.aux'.


No file chapters/Abstract.tex.
[2







]

LaTeX Font Warning: Font shape `T1/cmr/m/n' in size <32.34409> not available
(Font)              size <29.86> substituted on input line 194.


LaTeX Font Warning: Font shape `T1/cmr/bx/n' in size <32.34409> not available
(Font)              size <29.86> substituted on input line 194.

(./main.toc
LaTeX Font Info:    Calculating math sizes for size <13> on input line 4.


LaTeX Font Warning: Font shape `OT1/cmr/m/n' in size <6.5> not available
(Font)              size <6> substituted on input line 4.


LaTeX Font Warning: Font shape `OML/cmm/m/it' in size <13> not available
(Font)              size <12> substituted on input line 4.


LaTeX Font Warning: Font shape `OML/cmm/m/it' in size <6.5> not available
(Font)              size <6> substituted on input line 4.


LaTeX Font Warning: Font shape `OMS/cmsy/m/n' in size <13> not available
(Font)              size <12> substituted on input line 4.


LaTeX Font Warning: Font shape `OMS/cmsy/m/n' in size <6.5> not available
(Font)              size <6> substituted on input line 4.

LaTeX Font Info:    Trying to load font information for U+msa on input line 4.
(/usr/local/texlive/2025/texmf-dist/tex/latex/amsfonts/umsa.fd
File: umsa.fd 2013/01/14 v3.01 AMS symbols A
)
LaTeX Font Info:    Trying to load font information for U+msb on input line 4.
 (/usr/local/texlive/2025/texmf-dist/tex/latex/amsfonts/umsb.fd
File: umsb.fd 2013/01/14 v3.01 AMS symbols B
))
\tf@toc=\write4
\openout4 = `main.toc'.

 [3]
\openout2 = `chapters/Capitolo1.aux'.

 (./chapters/Capitolo1.tex [4



]
Capitolo 1.

LaTeX Font Warning: Font shape `T1/cmr/m/n' in size <26.96207> not available
(Font)              size <24.88> substituted on input line 1.


LaTeX Font Warning: Font shape `T1/cmr/bx/n' in size <26.96207> not available
(Font)              size <24.88> substituted on input line 1.


LaTeX Font Warning: Font shape `T1/cmr/m/n' in size <18.72003> not available
(Font)              size <17.28> substituted on input line 3.


LaTeX Font Warning: Font shape `T1/cmr/bx/n' in size <18.72003> not available
(Font)              size <17.28> substituted on input line 3.

[5]

LaTeX Font Warning: Font shape `TS1/cmr/m/n' in size <13> not available
(Font)              size <12> substituted on input line 19.

)

Package fancyhdr Warning: \headheight is too small (12.5pt): 
(fancyhdr)                Make it at least 15.59995pt, for example:
(fancyhdr)                \setlength{\headheight}{15.59995pt}.
(fancyhdr)                You might also make \topmargin smaller:
(fancyhdr)                \addtolength{\topmargin}{-3.09995pt}.

[6{/usr/local/texlive/2025/texmf-dist/fonts/enc/dvips/cm-super/cm-super-ts1.enc}]
\openout2 = `chapters/Capitolo2.aux'.

 (./chapters/Capitolo2.tex
Capitolo 2.
[7





]

Package fancyhdr Warning: \headheight is too small (12.5pt): 
(fancyhdr)                Make it at least 15.59995pt, for example:
(fancyhdr)                \setlength{\headheight}{15.59995pt}.
(fancyhdr)                You might also make \topmargin smaller:
(fancyhdr)                \addtolength{\topmargin}{-3.09995pt}.

[8

]
<images/Capitolo2/2_im.png, id=193, 318.18875pt x 272.01625pt>
File: images/Capitolo2/2_im.png Graphic file (type png)
<use images/Capitolo2/2_im.png>
Package pdftex.def Info: images/Capitolo2/2_im.png  used on input line 55.
(pdftex.def)             Requested size: 127.27324pt x 108.80457pt.
<images/Capitolo2/3_im.png, id=195, 497.86pt x 621.32124pt>
File: images/Capitolo2/3_im.png Graphic file (type png)
<use images/Capitolo2/3_im.png>
Package pdftex.def Info: images/Capitolo2/3_im.png  used on input line 68.
(pdftex.def)             Requested size: 149.35915pt x 186.39781pt.


Package fancyhdr Warning: \headheight is too small (12.5pt): 
(fancyhdr)                Make it at least 15.59995pt, for example:
(fancyhdr)                \setlength{\headheight}{15.59995pt}.
(fancyhdr)                You might also make \topmargin smaller:
(fancyhdr)                \addtolength{\topmargin}{-3.09995pt}.

[9

 <./images/Capitolo2/2_im.png> <./images/Capitolo2/3_im.png>]

Package fancyhdr Warning: \headheight is too small (12.5pt): 
(fancyhdr)                Make it at least 15.59995pt, for example:
(fancyhdr)                \setlength{\headheight}{15.59995pt}.
(fancyhdr)                You might also make \topmargin smaller:
(fancyhdr)                \addtolength{\topmargin}{-3.09995pt}.

[10]
<images/Capitolo2/4_im.png, id=221, 520.94624pt x 238.8925pt>
File: images/Capitolo2/4_im.png Graphic file (type png)
<use images/Capitolo2/4_im.png>
Package pdftex.def Info: images/Capitolo2/4_im.png  used on input line 117.
(pdftex.def)             Requested size: 104.1874pt x 47.77765pt.
<images/Capitolo2/5_im.png, id=222, 1161.33875pt x 534.99875pt>
File: images/Capitolo2/5_im.png Graphic file (type png)
<use images/Capitolo2/5_im.png>
Package pdftex.def Info: images/Capitolo2/5_im.png  used on input line 139.
(pdftex.def)             Requested size: 348.40431pt x 160.50085pt.


Package fancyhdr Warning: \headheight is too small (12.5pt): 
(fancyhdr)                Make it at least 15.59995pt, for example:
(fancyhdr)                \setlength{\headheight}{15.59995pt}.
(fancyhdr)                You might also make \topmargin smaller:
(fancyhdr)                \addtolength{\topmargin}{-3.09995pt}.

[11

 <./images/Capitolo2/4_im.png> <./images/Capitolo2/5_im.png>])

Package fancyhdr Warning: \headheight is too small (12.5pt): 
(fancyhdr)                Make it at least 15.59995pt, for example:
(fancyhdr)                \setlength{\headheight}{15.59995pt}.
(fancyhdr)                You might also make \topmargin smaller:
(fancyhdr)                \addtolength{\topmargin}{-3.09995pt}.

[12

]
\openout2 = `chapters/Capitolo3.aux'.

 (./chapters/Capitolo3.tex
Capitolo 3.
<images/Capitolo3/5_im.png, id=235, 551.05875pt x 553.06625pt>
File: images/Capitolo3/5_im.png Graphic file (type png)
<use images/Capitolo3/5_im.png>
Package pdftex.def Info: images/Capitolo3/5_im.png  used on input line 9.
(pdftex.def)             Requested size: 330.63779pt x 331.8423pt.
[13





 <./images/Capitolo3/5_im.png>]

Package fancyhdr Warning: \headheight is too small (12.5pt): 
(fancyhdr)                Make it at least 15.59995pt, for example:
(fancyhdr)                \setlength{\headheight}{15.59995pt}.
(fancyhdr)                You might also make \topmargin smaller:
(fancyhdr)                \addtolength{\topmargin}{-3.09995pt}.

[14

]
<images/Capitolo3/6_im.png, id=249, 839.135pt x 675.52374pt>
File: images/Capitolo3/6_im.png Graphic file (type png)
<use images/Capitolo3/6_im.png>
Package pdftex.def Info: images/Capitolo3/6_im.png  used on input line 47.
(pdftex.def)             Requested size: 419.56647pt x 337.76105pt.


LaTeX Font Warning: Font shape `T1/cmtt/m/n' in size <13> not available
(Font)              size <12> substituted on input line 55.

<images/Capitolo3/2_im.png, id=252, 172.645pt x 353.32pt>
File: images/Capitolo3/2_im.png Graphic file (type png)
<use images/Capitolo3/2_im.png>
Package pdftex.def Info: images/Capitolo3/2_im.png  used on input line 62.
(pdftex.def)             Requested size: 86.32228pt x 176.65956pt.

Package fancyhdr Warning: \headheight is too small (12.5pt): 
(fancyhdr)                Make it at least 15.59995pt, for example:
(fancyhdr)                \setlength{\headheight}{15.59995pt}.
(fancyhdr)                You might also make \topmargin smaller:
(fancyhdr)                \addtolength{\topmargin}{-3.09995pt}.

[15

 <./images/Capitolo3/6_im.png>]

Package fancyhdr Warning: \headheight is too small (12.5pt): 
(fancyhdr)                Make it at least 15.59995pt, for example:
(fancyhdr)                \setlength{\headheight}{15.59995pt}.
(fancyhdr)                You might also make \topmargin smaller:
(fancyhdr)                \addtolength{\topmargin}{-3.09995pt}.

[16 <./images/Capitolo3/2_im.png>]
<images/Capitolo3/3_im.png, id=266, 134.5025pt x 293.095pt>
File: images/Capitolo3/3_im.png Graphic file (type png)
<use images/Capitolo3/3_im.png>
Package pdftex.def Info: images/Capitolo3/3_im.png  used on input line 81.
(pdftex.def)             Requested size: 80.7021pt x 175.85834pt.
<images/Capitolo3/4_im.png, id=268, 475.7775pt x 475.7775pt>
File: images/Capitolo3/4_im.png Graphic file (type png)
<use images/Capitolo3/4_im.png>
Package pdftex.def Info: images/Capitolo3/4_im.png  used on input line 94.
(pdftex.def)             Requested size: 166.52461pt x 166.52461pt.
)

Package fancyhdr Warning: \headheight is too small (12.5pt): 
(fancyhdr)                Make it at least 15.59995pt, for example:
(fancyhdr)                \setlength{\headheight}{15.59995pt}.
(fancyhdr)                You might also make \topmargin smaller:
(fancyhdr)                \addtolength{\topmargin}{-3.09995pt}.

[17

 <./images/Capitolo3/3_im.png> <./images/Capitolo3/4_im.png>]

Package fancyhdr Warning: \headheight is too small (12.5pt): 
(fancyhdr)                Make it at least 15.59995pt, for example:
(fancyhdr)                \setlength{\headheight}{15.59995pt}.
(fancyhdr)                You might also make \topmargin smaller:
(fancyhdr)                \addtolength{\topmargin}{-3.09995pt}.

[18]
\openout2 = `chapters/Capitolo4.aux'.

 (./chapters/Capitolo4.tex
Capitolo 4.
[19





] (/usr/local/texlive/2025/texmf-dist/tex/latex/listings/lstlang1.sty
File: lstlang1.sty 2025/11/14 1.11b listings language file
) (/usr/local/texlive/2025/texmf-dist/tex/latex/listings/lstmisc.sty
File: lstmisc.sty 2025/11/14 1.11b (Carsten Heinz)
)

LaTeX Font Warning: Font shape `T1/cmr/m/n' in size <6.5> not available
(Font)              size <6> substituted on input line 37.


Package fancyhdr Warning: \headheight is too small (12.5pt): 
(fancyhdr)                Make it at least 15.59995pt, for example:
(fancyhdr)                \setlength{\headheight}{15.59995pt}.
(fancyhdr)                You might also make \topmargin smaller:
(fancyhdr)                \addtolength{\topmargin}{-3.09995pt}.

[20

]
<images/Capitolo4/1_im.png, id=308, 811.03pt x 96.36pt>
File: images/Capitolo4/1_im.png Graphic file (type png)
<use images/Capitolo4/1_im.png>
Package pdftex.def Info: images/Capitolo4/1_im.png  used on input line 81.
(pdftex.def)             Requested size: 283.86475pt x 33.72649pt.
<images/Capitolo4/2_im.png, id=309, 807.015pt x 96.36pt>
File: images/Capitolo4/2_im.png Graphic file (type png)
<use images/Capitolo4/2_im.png>
Package pdftex.def Info: images/Capitolo4/2_im.png  used on input line 89.
(pdftex.def)             Requested size: 282.45947pt x 33.72649pt.


Package fancyhdr Warning: \headheight is too small (12.5pt): 
(fancyhdr)                Make it at least 15.59995pt, for example:
(fancyhdr)                \setlength{\headheight}{15.59995pt}.
(fancyhdr)                You might also make \topmargin smaller:
(fancyhdr)                \addtolength{\topmargin}{-3.09995pt}.

[21 <./images/Capitolo4/1_im.png> <./images/Capitolo4/2_im.png>]

LaTeX Warning: Reference `' on page 22 undefined on input line 123.

Package hyperref Info: bookmark level for unknown lstlisting defaults to 0 on input line 125.

Package fancyhdr Warning: \headheight is too small (12.5pt): 
(fancyhdr)                Make it at least 15.59995pt, for example:
(fancyhdr)                \setlength{\headheight}{15.59995pt}.
(fancyhdr)                You might also make \topmargin smaller:
(fancyhdr)                \addtolength{\topmargin}{-3.09995pt}.

[22]

Package fancyhdr Warning: \headheight is too small (12.5pt): 
(fancyhdr)                Make it at least 15.59995pt, for example:
(fancyhdr)                \setlength{\headheight}{15.59995pt}.
(fancyhdr)                You might also make \topmargin smaller:
(fancyhdr)                \addtolength{\topmargin}{-3.09995pt}.

[23]
Overfull \hbox (21.68614pt too wide) in paragraph at lines 185--186
[]\T1/cmr/m/n/12 Questa fun-zio-ne vie-ne usa-ta nel ca-so in cui il va-lo-re pre-sen-te nel-la \T1/cmtt/m/n/12 struct Instructon
 []


Package fancyhdr Warning: \headheight is too small (12.5pt): 
(fancyhdr)                Make it at least 15.59995pt, for example:
(fancyhdr)                \setlength{\headheight}{15.59995pt}.
(fancyhdr)                You might also make \topmargin smaller:
(fancyhdr)                \addtolength{\topmargin}{-3.09995pt}.

[24

]

Package fancyhdr Warning: \headheight is too small (12.5pt): 
(fancyhdr)                Make it at least 15.59995pt, for example:
(fancyhdr)                \setlength{\headheight}{15.59995pt}.
(fancyhdr)                You might also make \topmargin smaller:
(fancyhdr)                \addtolength{\topmargin}{-3.09995pt}.

[25]

Package fancyhdr Warning: \headheight is too small (12.5pt): 
(fancyhdr)                Make it at least 15.59995pt, for example:
(fancyhdr)                \setlength{\headheight}{15.59995pt}.
(fancyhdr)                You might also make \topmargin smaller:
(fancyhdr)                \addtolength{\topmargin}{-3.09995pt}.

[26]

Package fancyhdr Warning: \headheight is too small (12.5pt): 
(fancyhdr)                Make it at least 15.59995pt, for example:
(fancyhdr)                \setlength{\headheight}{15.59995pt}.
(fancyhdr)                You might also make \topmargin smaller:
(fancyhdr)                \addtolength{\topmargin}{-3.09995pt}.

[27]

Package fancyhdr Warning: \headheight is too small (12.5pt): 
(fancyhdr)                Make it at least 15.59995pt, for example:
(fancyhdr)                \setlength{\headheight}{15.59995pt}.
(fancyhdr)                You might also make \topmargin smaller:
(fancyhdr)                \addtolength{\topmargin}{-3.09995pt}.

[28]

Package fancyhdr Warning: \headheight is too small (12.5pt): 
(fancyhdr)                Make it at least 15.59995pt, for example:
(fancyhdr)                \setlength{\headheight}{15.59995pt}.
(fancyhdr)                You might also make \topmargin smaller:
(fancyhdr)                \addtolength{\topmargin}{-3.09995pt}.

[29]

Package fancyhdr Warning: \headheight is too small (12.5pt): 
(fancyhdr)                Make it at least 15.59995pt, for example:
(fancyhdr)                \setlength{\headheight}{15.59995pt}.
(fancyhdr)                You might also make \topmargin smaller:
(fancyhdr)                \addtolength{\topmargin}{-3.09995pt}.

[30] (/usr/local/texlive/2025/texmf-dist/tex/latex/listings/lstlang1.sty
File: lstlang1.sty 2025/11/14 1.11b listings language file
) (/usr/local/texlive/2025/texmf-dist/tex/latex/listings/lstlang1.sty
File: lstlang1.sty 2025/11/14 1.11b listings language file
)

Package fancyhdr Warning: \headheight is too small (12.5pt): 
(fancyhdr)                Make it at least 15.59995pt, for example:
(fancyhdr)                \setlength{\headheight}{15.59995pt}.
(fancyhdr)                You might also make \topmargin smaller:
(fancyhdr)                \addtolength{\topmargin}{-3.09995pt}.

[31]

Package fancyhdr Warning: \headheight is too small (12.5pt): 
(fancyhdr)                Make it at least 15.59995pt, for example:
(fancyhdr)                \setlength{\headheight}{15.59995pt}.
(fancyhdr)                You might also make \topmargin smaller:
(fancyhdr)                \addtolength{\topmargin}{-3.09995pt}.

[32]

Package fancyhdr Warning: \headheight is too small (12.5pt): 
(fancyhdr)                Make it at least 15.59995pt, for example:
(fancyhdr)                \setlength{\headheight}{15.59995pt}.
(fancyhdr)                You might also make \topmargin smaller:
(fancyhdr)                \addtolength{\topmargin}{-3.09995pt}.

[33]

Package fancyhdr Warning: \headheight is too small (12.5pt): 
(fancyhdr)                Make it at least 15.59995pt, for example:
(fancyhdr)                \setlength{\headheight}{15.59995pt}.
(fancyhdr)                You might also make \topmargin smaller:
(fancyhdr)                \addtolength{\topmargin}{-3.09995pt}.

[34]

LaTeX Warning: Reference `codicehost1cu' on page 35 undefined on input line 590.

(/usr/local/texlive/2025/texmf-dist/tex/latex/listings/lstlang1.sty
File: lstlang1.sty 2025/11/14 1.11b listings language file
)

Package fancyhdr Warning: \headheight is too small (12.5pt): 
(fancyhdr)                Make it at least 15.59995pt, for example:
(fancyhdr)                \setlength{\headheight}{15.59995pt}.
(fancyhdr)                You might also make \topmargin smaller:
(fancyhdr)                \addtolength{\topmargin}{-3.09995pt}.

[35]

Package fancyhdr Warning: \headheight is too small (12.5pt): 
(fancyhdr)                Make it at least 15.59995pt, for example:
(fancyhdr)                \setlength{\headheight}{15.59995pt}.
(fancyhdr)                You might also make \topmargin smaller:
(fancyhdr)                \addtolength{\topmargin}{-3.09995pt}.

[36]

Package fancyhdr Warning: \headheight is too small (12.5pt): 
(fancyhdr)                Make it at least 15.59995pt, for example:
(fancyhdr)                \setlength{\headheight}{15.59995pt}.
(fancyhdr)                You might also make \topmargin smaller:
(fancyhdr)                \addtolength{\topmargin}{-3.09995pt}.

[37]

Package fancyhdr Warning: \headheight is too small (12.5pt): 
(fancyhdr)                Make it at least 15.59995pt, for example:
(fancyhdr)                \setlength{\headheight}{15.59995pt}.
(fancyhdr)                You might also make \topmargin smaller:
(fancyhdr)                \addtolength{\topmargin}{-3.09995pt}.

[38]
Overfull \hbox (19.50603pt too wide) in paragraph at lines 750--753
\T1/cmr/m/n/12 nel-l'or-di-ne ap-pro-pria-to. Vie-ne quin-di uti-liz-za-ta la fun-zio-ne \T1/cmtt/m/n/12 enqueueMigrateMemObjects
 []


Overfull \hbox (11.15173pt too wide) in paragraph at lines 750--753
\T1/cmr/m/n/12 per ag-giun-ge-re al-la co-da di co-man-di il co-man-do che mi-gra i da-ti dai buf-fer \T1/cmtt/m/n/12 buffer_data
 []


Package fancyhdr Warning: \headheight is too small (12.5pt): 
(fancyhdr)                Make it at least 15.59995pt, for example:
(fancyhdr)                \setlength{\headheight}{15.59995pt}.
(fancyhdr)                You might also make \topmargin smaller:
(fancyhdr)                \addtolength{\topmargin}{-3.09995pt}.

[39]

Package fancyhdr Warning: \headheight is too small (12.5pt): 
(fancyhdr)                Make it at least 15.59995pt, for example:
(fancyhdr)                \setlength{\headheight}{15.59995pt}.
(fancyhdr)                You might also make \topmargin smaller:
(fancyhdr)                \addtolength{\topmargin}{-3.09995pt}.

[40

]
Overfull \hbox (0.9167pt too wide) in paragraph at lines 806--807
\T1/cmr/m/n/12 l'hard-ware ef-fet-ti-vo non è più ri-chie-sta la va-ria-bi-le di am-bien-te \T1/cmtt/m/n/12 XCL_EMULATION_MODE\T1/cmr/m/n/12 ,
 []


Package fancyhdr Warning: \headheight is too small (12.5pt): 
(fancyhdr)                Make it at least 15.59995pt, for example:
(fancyhdr)                \setlength{\headheight}{15.59995pt}.
(fancyhdr)                You might also make \topmargin smaller:
(fancyhdr)                \addtolength{\topmargin}{-3.09995pt}.

[41]

Package fancyhdr Warning: \headheight is too small (12.5pt): 
(fancyhdr)                Make it at least 15.59995pt, for example:
(fancyhdr)                \setlength{\headheight}{15.59995pt}.
(fancyhdr)                You might also make \topmargin smaller:
(fancyhdr)                \addtolength{\topmargin}{-3.09995pt}.

[42

]

Package fancyhdr Warning: \headheight is too small (12.5pt): 
(fancyhdr)                Make it at least 15.59995pt, for example:
(fancyhdr)                \setlength{\headheight}{15.59995pt}.
(fancyhdr)                You might also make \topmargin smaller:
(fancyhdr)                \addtolength{\topmargin}{-3.09995pt}.

[43]

Package fancyhdr Warning: \headheight is too small (12.5pt): 
(fancyhdr)                Make it at least 15.59995pt, for example:
(fancyhdr)                \setlength{\headheight}{15.59995pt}.
(fancyhdr)                You might also make \topmargin smaller:
(fancyhdr)                \addtolength{\topmargin}{-3.09995pt}.

[44]

Package fancyhdr Warning: \headheight is too small (12.5pt): 
(fancyhdr)                Make it at least 15.59995pt, for example:
(fancyhdr)                \setlength{\headheight}{15.59995pt}.
(fancyhdr)                You might also make \topmargin smaller:
(fancyhdr)                \addtolength{\topmargin}{-3.09995pt}.

[45]

Package fancyhdr Warning: \headheight is too small (12.5pt): 
(fancyhdr)                Make it at least 15.59995pt, for example:
(fancyhdr)                \setlength{\headheight}{15.59995pt}.
(fancyhdr)                You might also make \topmargin smaller:
(fancyhdr)                \addtolength{\topmargin}{-3.09995pt}.

[46]

Package fancyhdr Warning: \headheight is too small (12.5pt): 
(fancyhdr)                Make it at least 15.59995pt, for example:
(fancyhdr)                \setlength{\headheight}{15.59995pt}.
(fancyhdr)                You might also make \topmargin smaller:
(fancyhdr)                \addtolength{\topmargin}{-3.09995pt}.

[47]

Package fancyhdr Warning: \headheight is too small (12.5pt): 
(fancyhdr)                Make it at least 15.59995pt, for example:
(fancyhdr)                \setlength{\headheight}{15.59995pt}.
(fancyhdr)                You might also make \topmargin smaller:
(fancyhdr)                \addtolength{\topmargin}{-3.09995pt}.

[48])

Package fancyhdr Warning: \headheight is too small (12.5pt): 
(fancyhdr)                Make it at least 15.59995pt, for example:
(fancyhdr)                \setlength{\headheight}{15.59995pt}.
(fancyhdr)                You might also make \topmargin smaller:
(fancyhdr)                \addtolength{\topmargin}{-3.09995pt}.

[49]
\openout2 = `chapters/Capitolo5.aux'.

 (./chapters/Capitolo5.tex [50





]
Capitolo 5.
[51]

LaTeX Warning: Reference `fileassembler' on page 52 undefined on input line 68.


Package fancyhdr Warning: \headheight is too small (12.5pt): 
(fancyhdr)                Make it at least 15.59995pt, for example:
(fancyhdr)                \setlength{\headheight}{15.59995pt}.
(fancyhdr)                You might also make \topmargin smaller:
(fancyhdr)                \addtolength{\topmargin}{-3.09995pt}.

[52]

Package fancyhdr Warning: \headheight is too small (12.5pt): 
(fancyhdr)                Make it at least 15.59995pt, for example:
(fancyhdr)                \setlength{\headheight}{15.59995pt}.
(fancyhdr)                You might also make \topmargin smaller:
(fancyhdr)                \addtolength{\topmargin}{-3.09995pt}.

[53]
<images/Capitolo5/1_im.png, id=1194, 1285.80376pt x 323.2075pt>
File: images/Capitolo5/1_im.png Graphic file (type png)
<use images/Capitolo5/1_im.png>
Package pdftex.def Info: images/Capitolo5/1_im.png  used on input line 122.
(pdftex.def)             Requested size: 450.03806pt x 113.12431pt.

Overfull \hbox (23.2467pt too wide) in paragraph at lines 122--123
 [][] 
 []

<images/Capitolo5/2_im.png, id=1196, 1045.9075pt x 598.235pt>
File: images/Capitolo5/2_im.png Graphic file (type png)
<use images/Capitolo5/2_im.png>
Package pdftex.def Info: images/Capitolo5/2_im.png  used on input line 139.
(pdftex.def)             Requested size: 366.0731pt x 209.38538pt.

Package fancyhdr Warning: \headheight is too small (12.5pt): 
(fancyhdr)                Make it at least 15.59995pt, for example:
(fancyhdr)                \setlength{\headheight}{15.59995pt}.
(fancyhdr)                You might also make \topmargin smaller:
(fancyhdr)                \addtolength{\topmargin}{-3.09995pt}.

[54

 <./images/Capitolo5/1_im.png> <./images/Capitolo5/2_im.png>]
<images/Capitolo5/3_im.png, id=1208, 1055.945pt x 788.9475pt>
File: images/Capitolo5/3_im.png Graphic file (type png)
<use images/Capitolo5/3_im.png>
Package pdftex.def Info: images/Capitolo5/3_im.png  used on input line 157.
(pdftex.def)             Requested size: 369.58629pt x 276.13576pt.


Package fancyhdr Warning: \headheight is too small (12.5pt): 
(fancyhdr)                Make it at least 15.59995pt, for example:
(fancyhdr)                \setlength{\headheight}{15.59995pt}.
(fancyhdr)                You might also make \topmargin smaller:
(fancyhdr)                \addtolength{\topmargin}{-3.09995pt}.

[55 <./images/Capitolo5/3_im.png>]

Package fancyhdr Warning: \headheight is too small (12.5pt): 
(fancyhdr)                Make it at least 15.59995pt, for example:
(fancyhdr)                \setlength{\headheight}{15.59995pt}.
(fancyhdr)                You might also make \topmargin smaller:
(fancyhdr)                \addtolength{\topmargin}{-3.09995pt}.

[56]
<images/Capitolo5/11_im.png, id=1265, 1035.87pt x 579.16376pt>
File: images/Capitolo5/11_im.png Graphic file (type png)
<use images/Capitolo5/11_im.png>
Package pdftex.def Info: images/Capitolo5/11_im.png  used on input line 217.
(pdftex.def)             Requested size: 362.55992pt x 202.71034pt.


Package fancyhdr Warning: \headheight is too small (12.5pt): 
(fancyhdr)                Make it at least 15.59995pt, for example:
(fancyhdr)                \setlength{\headheight}{15.59995pt}.
(fancyhdr)                You might also make \topmargin smaller:
(fancyhdr)                \addtolength{\topmargin}{-3.09995pt}.

[57

 <./images/Capitolo5/11_im.png>]

Package fancyhdr Warning: \headheight is too small (12.5pt): 
(fancyhdr)                Make it at least 15.59995pt, for example:
(fancyhdr)                \setlength{\headheight}{15.59995pt}.
(fancyhdr)                You might also make \topmargin smaller:
(fancyhdr)                \addtolength{\topmargin}{-3.09995pt}.

[58]
<images/Capitolo5/4_im.png, id=1325, 523.9575pt x 312.16624pt>
File: images/Capitolo5/4_im.png Graphic file (type png)
<use images/Capitolo5/4_im.png>
Package pdftex.def Info: images/Capitolo5/4_im.png  used on input line 335.
(pdftex.def)             Requested size: 235.77869pt x 140.47351pt.


Package fancyhdr Warning: \headheight is too small (12.5pt): 
(fancyhdr)                Make it at least 15.59995pt, for example:
(fancyhdr)                \setlength{\headheight}{15.59995pt}.
(fancyhdr)                You might also make \topmargin smaller:
(fancyhdr)                \addtolength{\topmargin}{-3.09995pt}.

[59]

Package fancyhdr Warning: \headheight is too small (12.5pt): 
(fancyhdr)                Make it at least 15.59995pt, for example:
(fancyhdr)                \setlength{\headheight}{15.59995pt}.
(fancyhdr)                You might also make \topmargin smaller:
(fancyhdr)                \addtolength{\topmargin}{-3.09995pt}.

[60 <./images/Capitolo5/4_im.png>]
<images/Capitolo5/5_im.png, id=1368, 1056.94875pt x 160.6pt>
File: images/Capitolo5/5_im.png Graphic file (type png)
<use images/Capitolo5/5_im.png>
Package pdftex.def Info: images/Capitolo5/5_im.png  used on input line 352.
(pdftex.def)             Requested size: 422.772pt x 64.23885pt.


Package fancyhdr Warning: \headheight is too small (12.5pt): 
(fancyhdr)                Make it at least 15.59995pt, for example:
(fancyhdr)                \setlength{\headheight}{15.59995pt}.
(fancyhdr)                You might also make \topmargin smaller:
(fancyhdr)                \addtolength{\topmargin}{-3.09995pt}.

[61

 <./images/Capitolo5/5_im.png>]
<images/Capitolo5/6_im.png, id=1388, 1056.94875pt x 164.615pt>
File: images/Capitolo5/6_im.png Graphic file (type png)
<use images/Capitolo5/6_im.png>
Package pdftex.def Info: images/Capitolo5/6_im.png  used on input line 379.
(pdftex.def)             Requested size: 422.772pt x 65.84482pt.


Package fancyhdr Warning: \headheight is too small (12.5pt): 
(fancyhdr)                Make it at least 15.59995pt, for example:
(fancyhdr)                \setlength{\headheight}{15.59995pt}.
(fancyhdr)                You might also make \topmargin smaller:
(fancyhdr)                \addtolength{\topmargin}{-3.09995pt}.

[62 <./images/Capitolo5/6_im.png>]
<images/Capitolo5/7_im.png, id=1400, 1058.95625pt x 162.6075pt>
File: images/Capitolo5/7_im.png Graphic file (type png)
<use images/Capitolo5/7_im.png>
Package pdftex.def Info: images/Capitolo5/7_im.png  used on input line 405.
(pdftex.def)             Requested size: 423.575pt x 65.04184pt.
<images/Capitolo5/12_im.png, id=1403, 1054.94125pt x 160.6pt>
File: images/Capitolo5/12_im.png Graphic file (type png)
<use images/Capitolo5/12_im.png>
Package pdftex.def Info: images/Capitolo5/12_im.png  used on input line 418.
(pdftex.def)             Requested size: 421.96902pt x 64.23885pt.


Package fancyhdr Warning: \headheight is too small (12.5pt): 
(fancyhdr)                Make it at least 15.59995pt, for example:
(fancyhdr)                \setlength{\headheight}{15.59995pt}.
(fancyhdr)                You might also make \topmargin smaller:
(fancyhdr)                \addtolength{\topmargin}{-3.09995pt}.

[63

 <./images/Capitolo5/7_im.png> <./images/Capitolo5/12_im.png>]
<images/Capitolo5/9_im.png, id=1415, 1055.945pt x 161.60374pt>
File: images/Capitolo5/9_im.png Graphic file (type png)
<use images/Capitolo5/9_im.png>
Package pdftex.def Info: images/Capitolo5/9_im.png  used on input line 463.
(pdftex.def)             Requested size: 422.37051pt x 64.64035pt.
<images/Capitolo5/8_im.png, id=1416, 1053.9375pt x 162.6075pt>
File: images/Capitolo5/8_im.png Graphic file (type png)
<use images/Capitolo5/8_im.png>
Package pdftex.def Info: images/Capitolo5/8_im.png  used on input line 470.
(pdftex.def)             Requested size: 421.56754pt x 65.04184pt.


LaTeX Warning: `!h' float specifier changed to `!ht'.


Package fancyhdr Warning: \headheight is too small (12.5pt): 
(fancyhdr)                Make it at least 15.59995pt, for example:
(fancyhdr)                \setlength{\headheight}{15.59995pt}.
(fancyhdr)                You might also make \topmargin smaller:
(fancyhdr)                \addtolength{\topmargin}{-3.09995pt}.

[64 <./images/Capitolo5/9_im.png>]

Package fancyhdr Warning: \headheight is too small (12.5pt): 
(fancyhdr)                Make it at least 15.59995pt, for example:
(fancyhdr)                \setlength{\headheight}{15.59995pt}.
(fancyhdr)                You might also make \topmargin smaller:
(fancyhdr)                \addtolength{\topmargin}{-3.09995pt}.

[65 <./images/Capitolo5/8_im.png>]
Overfull \hbox (9.05084pt too wide) in paragraph at lines 486--487
\T1/cmr/m/n/12 Di se-gui-to l'im-ma-gi-ne del \T1/cmtt/m/n/12 run_summary\T1/cmr/m/n/12 , aper-to tra-mi-te lo stru-men-to \T1/cmtt/m/n/12 vitis_analyzer\T1/cmr/m/n/12 ,
 []

<images/Capitolo5/10_im.png, id=1448, 1202.4925pt x 390.45876pt>
File: images/Capitolo5/10_im.png Graphic file (type png)
<use images/Capitolo5/10_im.png>
Package pdftex.def Info: images/Capitolo5/10_im.png  used on input line 490.
(pdftex.def)             Requested size: 420.87868pt x 136.6626pt.
)

Package fancyhdr Warning: \headheight is too small (12.5pt): 
(fancyhdr)                Make it at least 15.59995pt, for example:
(fancyhdr)                \setlength{\headheight}{15.59995pt}.
(fancyhdr)                You might also make \topmargin smaller:
(fancyhdr)                \addtolength{\topmargin}{-3.09995pt}.

[66

 <./images/Capitolo5/10_im.png>]
\openout2 = `chapters/Capitolo6.aux'.

 (./chapters/Capitolo6.tex
Capitolo 6.
) [67





] (./main.bbl [68




]
Underfull \hbox (badness 10000) in paragraph at lines 4--7
[]\T1/cmr/m/n/12 Inc. Ad-van-ced Mi-cro De-vi-ces.  Al-veou50,
 []


Underfull \hbox (badness 10000) in paragraph at lines 4--7
\T1/cmr/m/n/12 2022.  https://www.xilinx.com/products/boards-and-
 []


Underfull \hbox (badness 4024) in paragraph at lines 9--12
[]\T1/cmr/m/n/12 Inc. Ad-van-ced Mi-cro De-vi-ces.  Buil-ding and run-ning vi-tis re-fe-ren-
 []


Underfull \hbox (badness 1960) in paragraph at lines 9--12
\T1/cmr/m/n/12 ce gui-de, 2023.  https://docs.xilinx.com/r/en-US/Vitis-Tutorials-Getting-
 []


Underfull \hbox (badness 7238) in paragraph at lines 14--17
[]\T1/cmr/m/n/12 Inc. Ad-van-ced Mi-cro De-vi-ces.  Mi-cro-bla-ze re-fe-ren-ce gui-de, 2023.
 []


Underfull \hbox (badness 3471) in paragraph at lines 19--22
[]\T1/cmr/m/n/12 Inc. Ad-van-ced Mi-cro De-vi-ces.  Prag-ma vi-tis re-fe-ren-ce gui-de, 2023.
 []


Underfull \hbox (badness 2035) in paragraph at lines 24--27
[]\T1/cmr/m/n/12 Inc. Ad-van-ced Mi-cro De-vi-ces.  Vi-tis uni-fied soft-ware plat-form, 2023.
 []


Underfull \hbox (badness 7869) in paragraph at lines 29--32
[]\T1/cmr/m/n/12 NATIONAL IN-STRU-MEN-TS CORP.  In-tro-duc-tion to fp-ga hard-
 []


LaTeX Font Warning: Font shape `T1/cmr/m/it' in size <13> not available
(Font)              size <12> substituted on input line 40.


Overfull \hbox (219.64966pt too wide) in paragraph at lines 49--52
[]\T1/cmr/m/n/12 Xilinx Inc.  Lut, 2018.  https://www.xilinx.com/htmldocs/xilinx2017_4/sdaccel_doc/yeo1504034293627.html#: :text=The 
 []

) [69]
\openout2 = `chapters/ringraziamenti.aux'.

 (./chapters/ringraziamenti.tex)

Package fancyhdr Warning: \headheight is too small (12.5pt): 
(fancyhdr)                Make it at least 15.59995pt, for example:
(fancyhdr)                \setlength{\headheight}{15.59995pt}.
(fancyhdr)                You might also make \topmargin smaller:
(fancyhdr)                \addtolength{\topmargin}{-3.09995pt}.

[70

] (./main.aux (./chapters/Frontespizio.aux) (./chapters/Abstract.aux) (./chapters/Capitolo1.aux) (./chapters/Capitolo2.aux) (./chapters/Capitolo3.aux) (./chapters/Capitolo4.aux) (./chapters/Capitolo5.aux) (./chapters/Capitolo6.aux) (./chapters/ringraziamenti.aux))
 ***********
LaTeX2e <2025-11-01>
L3 programming layer <2025-11-14>
 ***********


LaTeX Font Warning: Size substitutions with differences
(Font)              up to 2.48409pt have occurred.


LaTeX Warning: There were undefined references.


LaTeX Warning: There were multiply-defined labels.

Package rerunfilecheck Info: File `main.out' has not changed.
(rerunfilecheck)             Checksum: 62547E41F070B40A30A42FEE19B9BAF4;3209.
 ) 
Here is how much of TeX's memory you used:
 18474 strings out of 467538
 292879 string characters out of 5419551
 1223276 words of memory out of 5000000
 46084 multiletter control sequences out of 15000+600000
 644930 words of font info for 77 fonts, out of 8000000 for 9000
 1141 hyphenation exceptions out of 8191
 108i,12n,107p,997b,2103s stack positions out of 10000i,1000n,20000p,200000b,200000s
</usr/local/texlive/2025/texmf-dist/fonts/type1/public/amsfonts/cm/cmmi12.pfb></usr/local/texlive/2025/texmf-dist/fonts/type1/public/amsfonts/cm/cmr12.pfb></usr/local/texlive/2025/texmf-dist/fonts/type1/public/cm-super/sfbx1200.pfb></usr/local/texlive/2025/texmf-dist/fonts/type1/public/cm-super/sfbx1440.pfb></usr/local/texlive/2025/texmf-dist/fonts/type1/public/cm-super/sfbx1728.pfb></usr/local/texlive/2025/texmf-dist/fonts/type1/public/cm-super/sfbx2074.pfb></usr/local/texlive/2025/texmf-dist/fonts/type1/public/cm-super/sfbx2488.pfb></usr/local/texlive/2025/texmf-dist/fonts/type1/public/cm-super/sfbx2986.pfb></usr/local/texlive/2025/texmf-dist/fonts/type1/public/cm-super/sfrm0600.pfb></usr/local/texlive/2025/texmf-dist/fonts/type1/public/cm-super/sfrm1200.pfb></usr/local/texlive/2025/texmf-dist/fonts/type1/public/cm-super/sfrm1440.pfb></usr/local/texlive/2025/texmf-dist/fonts/type1/public/cm-super/sfrm2074.pfb></usr/local/texlive/2025/texmf-dist/fonts/type1/public/cm-super/sfti1200.pfb></usr/local/texlive/2025/texmf-dist/fonts/type1/public/cm-super/sftt1095.pfb></usr/local/texlive/2025/texmf-dist/fonts/type1/public/cm-super/sftt1200.pfb>
Output written on main.pdf (70 pages, 3636019 bytes).
PDF statistics:
 1746 PDF objects out of 2073 (max. 8388607)
 1579 compressed objects within 16 object streams
 972 named destinations out of 1000 (max. 500000)
 329 words of extra memory for PDF output out of 10000 (max. 10000000)

