\BOOKMARK [0][-]{chapter.1}{\376\377\000I\000n\000t\000r\000o\000d\000u\000z\000i\000o\000n\000e}{}% 1
\BOOKMARK [1][-]{section.1.1}{\376\377\000C\000o\000n\000t\000e\000s\000t\000o}{chapter.1}% 2
\BOOKMARK [1][-]{section.1.2}{\376\377\000O\000b\000i\000e\000t\000t\000i\000v\000o}{chapter.1}% 3
\BOOKMARK [1][-]{section.1.3}{\376\377\000S\000c\000a\000l\000e\000t\000t\000a\000\040\000T\000e\000s\000i}{chapter.1}% 4
\BOOKMARK [0][-]{chapter.2}{\376\377\000S\000t\000r\000u\000m\000e\000n\000t\000i}{}% 5
\BOOKMARK [1][-]{section.2.1}{\376\377\000M\000i\000c\000r\000o\000b\000l\000a\000z\000e}{chapter.2}% 6
\BOOKMARK [1][-]{section.2.2}{\376\377\000A\000l\000v\000e\000o\000\040\000U\0005\0000}{chapter.2}% 7
\BOOKMARK [1][-]{section.2.3}{\376\377\000V\000i\000t\000i\000s}{chapter.2}% 8
\BOOKMARK [1][-]{section.2.4}{\376\377\000O\000p\000e\000n\000C\000L}{chapter.2}% 9
\BOOKMARK [1][-]{section.2.5}{\376\377\000C\000+\000+\000/\000C}{chapter.2}% 10
\BOOKMARK [0][-]{chapter.3}{\376\377\000P\000r\000o\000g\000e\000t\000t\000o\000\040\000L\000o\000g\000i\000c\000o}{}% 11
\BOOKMARK [1][-]{section.3.1}{\376\377\000F\000u\000n\000z\000i\000o\000n\000a\000m\000e\000n\000t\000o}{chapter.3}% 12
\BOOKMARK [0][-]{chapter.4}{\376\377\000I\000m\000p\000l\000e\000m\000e\000n\000t\000a\000z\000i\000o\000n\000e}{}% 13
\BOOKMARK [1][-]{section.4.1}{\376\377\000I\000n\000t\000e\000r\000p\000r\000e\000t\000e\000\040\000S\000o\000f\000t\000c\000o\000r\000e}{chapter.4}% 14
\BOOKMARK [1][-]{section.4.2}{\376\377\000I\000n\000t\000e\000r\000p\000r\000e\000t\000e\000\040\000V\000e\000r\000s\000i\000o\000n\000e\000\040\000K\000e\000r\000n\000e\000l}{chapter.4}% 15
\BOOKMARK [1][-]{section.4.3}{\376\377\000I\000n\000t\000e\000r\000f\000a\000c\000c\000i\000a\000\040\000H\000o\000s\000t}{chapter.4}% 16
\BOOKMARK [1][-]{section.4.4}{\376\377\000C\000o\000m\000p\000i\000l\000a\000z\000i\000o\000n\000e}{chapter.4}% 17
\BOOKMARK [1][-]{section.4.5}{\376\377\000I\000n\000t\000e\000r\000p\000r\000e\000t\000e\000\040\000F\000l\000o\000a\000t\000i\000n\000g\000\040\000P\000o\000i\000n\000t}{chapter.4}% 18
\BOOKMARK [1][-]{section.4.6}{\376\377\000C\000o\000n\000t\000r\000o\000l\000\040\000U\000n\000i\000t}{chapter.4}% 19
\BOOKMARK [1][-]{section.4.7}{\376\377\000S\000i\000m\000u\000l\000a\000z\000i\000o\000n\000e\000\040\000G\000P\000U\000\040\000c\000o\000n\000\040\000c\000o\000d\000i\000c\000e\000\040\000M\000I\000M\000D}{chapter.4}% 20
\BOOKMARK [0][-]{chapter.5}{\376\377\000R\000i\000s\000u\000l\000t\000a\000t\000i}{}% 21
\BOOKMARK [1][-]{section.5.1}{\376\377\000V\000e\000r\000i\000f\000i\000c\000a\000\040\000F\000u\000n\000z\000i\000o\000n\000a\000m\000e\000n\000t\000o}{chapter.5}% 22
\BOOKMARK [1][-]{section.5.2}{\376\377\000U\000t\000i\000l\000i\000z\000z\000o\000\040\000F\000P\000G\000A}{chapter.5}% 23
\BOOKMARK [1][-]{section.5.3}{\376\377\000E\000x\000e\000c\000u\000t\000i\000o\000n\000\040\000S\000u\000m\000m\000a\000r\000y}{chapter.5}% 24
\BOOKMARK [0][-]{chapter.6}{\376\377\000C\000o\000n\000c\000l\000u\000s\000i\000o\000n\000i}{}% 25
\BOOKMARK [1][-]{section.6.1}{\376\377\000B\000i\000l\000a\000n\000c\000i\000o\000\040\000P\000e\000r\000s\000o\000n\000a\000l\000e}{chapter.6}% 26
